// Jest Snapshot v1, https://goo.gl/fbAQLP

exports[`the ScriptureList component renders a scripture List 1`] = `
<RCTSafeAreaView
  onLayout={[Function]}
  style={
    Object {
      "bottom": 0,
      "left": 0,
      "position": "absolute",
      "right": 0,
      "top": 0,
    }
  }
>
  <View
    onLayout={[Function]}
    style={
      Object {
        "flex": 1,
      }
    }
  />
  <View
    style={
      Object {
        "bottom": 0,
        "left": 0,
        "position": "absolute",
        "right": 0,
        "top": 0,
      }
    }
  >
    <Text
      style={
        Object {
          "color": "#00676D",
          "fontFamily": "InterUI-Bold",
          "fontSize": 16,
          "lineHeight": 23.04,
          "paddingBottom": 24,
          "textAlign": "center",
          "textDecorationLine": "underline",
        }
      }
    >
      <Text
        onPress={[Function]}
        padded={true}
        style={
          Object {
            "color": "#17B582",
          }
        }
      >
        1 Corinthians 15:57, Exodus 17:8-15
      </Text>
    </Text>
  </View>
</RCTSafeAreaView>
`;
