// Jest Snapshot v1, https://goo.gl/fbAQLP

exports[`Scripture returns 1`] = `
Object {
  "data": Object {
    "scripture": Object {
      "copyright": "PUBLIC DOMAIN",
      "html": "<p class=\\"p\\"><span data-number=\\"1\\" class=\\"v\\">1</span>The Song of songs, which is Solomonâ€™s.</p>",
      "id": "SNG.1.1",
      "reference": "Song of Solomon 1:1",
    },
  },
}
`;
