// Jest Snapshot v1, https://goo.gl/fbAQLP

exports[`Auth Store logs a user out 1`] = `
InMemoryCache {
  "addTypename": true,
  "cacheKeyRoot": CacheKeyNode {
    "children": null,
    "key": null,
  },
  "config": Object {
    "addTypename": true,
    "cacheRedirects": Object {
      "Query": Object {
        "node": [Function],
      },
    },
    "dataIdFromObject": [Function],
    "fragmentMatcher": IntrospectionFragmentMatcher {
      "isReady": true,
      "match": [Function],
      "possibleTypesMap": Object {
        "ContentItem": Array [
          "UniversalContentItem",
          "DevotionalContentItem",
        ],
        "Media": Array [
          "ImageMedia",
          "VideoMedia",
          "AudioMedia",
        ],
        "MediaSource": Array [
          "ImageMediaSource",
          "VideoMediaSource",
          "AudioMediaSource",
        ],
        "Node": Array [
          "ContentChannel",
          "Person",
          "Interaction",
          "UniversalContentItem",
          "DevotionalContentItem",
        ],
        "Sharable": Array [
          "SharableContentItem",
        ],
      },
    },
  },
  "data": DepTrackingCache {
    "data": Object {
      "$ROOT_QUERY.mediaPlayer": Object {
        "__typename": "MediaPlayerState",
        "currentTime": 0,
        "currentTrack": null,
        "isFullscreen": false,
        "isPlaying": false,
        "isVisible": false,
        "muted": false,
        "showVideo": true,
      },
      "ROOT_QUERY": Object {
        "__typename": "Query",
        "authToken": null,
        "mediaPlayer": Object {
          "generated": true,
          "id": "$ROOT_QUERY.mediaPlayer",
          "type": "id",
          "typename": "MediaPlayerState",
        },
      },
    },
    "depend": [Function],
  },
  "maybeBroadcastWatch": [Function],
  "optimistic": Array [],
  "silenceBroadcast": false,
  "storeReader": StoreReader {
    "cacheKeyRoot": CacheKeyNode {
      "children": null,
      "key": null,
    },
    "executeSelectionSet": [Function],
    "executeStoreQuery": [Function],
    "keyMaker": QueryKeyMaker {
      "cacheKeyRoot": CacheKeyNode {
        "children": null,
        "key": null,
      },
      "perQueryKeyMakers": Map {},
    },
  },
  "storeWriter": StoreWriter {},
  "typenameDocumentCache": Map {
    Object {
      "definitions": Array [
        Object {
          "kind": "OperationDefinition",
          "name": Object {
            "kind": "Name",
            "value": "GeneratedClientQuery",
          },
          "operation": "query",
          "selectionSet": Object {
            "kind": "SelectionSet",
            "selections": Array [
              Object {
                "kind": "Field",
                "name": Object {
                  "kind": "Name",
                  "value": "__typename",
                },
              },
              Object {
                "kind": "Field",
                "name": Object {
                  "kind": "Name",
                  "value": "authToken",
                },
              },
              Object {
                "kind": "Field",
                "name": Object {
                  "kind": "Name",
                  "value": "mediaPlayer",
                },
                "selectionSet": Object {
                  "kind": "SelectionSet",
                  "selections": Array [
                    Object {
                      "kind": "Field",
                      "name": Object {
                        "kind": "Name",
                        "value": "__typename",
                      },
                    },
                    Object {
                      "kind": "Field",
                      "name": Object {
                        "kind": "Name",
                        "value": "currentTrack",
                      },
                    },
                    Object {
                      "kind": "Field",
                      "name": Object {
                        "kind": "Name",
                        "value": "isPlaying",
                      },
                    },
                    Object {
                      "kind": "Field",
                      "name": Object {
                        "kind": "Name",
                        "value": "isFullscreen",
                      },
                    },
                    Object {
                      "kind": "Field",
                      "name": Object {
                        "kind": "Name",
                        "value": "isVisible",
                      },
                    },
                    Object {
                      "kind": "Field",
                      "name": Object {
                        "kind": "Name",
                        "value": "currentTime",
                      },
                    },
                    Object {
                      "kind": "Field",
                      "name": Object {
                        "kind": "Name",
                        "value": "showVideo",
                      },
                    },
                    Object {
                      "kind": "Field",
                      "name": Object {
                        "kind": "Name",
                        "value": "muted",
                      },
                    },
                  ],
                },
              },
            ],
          },
        },
      ],
      "kind": "Document",
    } => Object {
      "definitions": Array [
        Object {
          "kind": "OperationDefinition",
          "name": Object {
            "kind": "Name",
            "value": "GeneratedClientQuery",
          },
          "operation": "query",
          "selectionSet": Object {
            "kind": "SelectionSet",
            "selections": Array [
              Object {
                "kind": "Field",
                "name": Object {
                  "kind": "Name",
                  "value": "__typename",
                },
              },
              Object {
                "kind": "Field",
                "name": Object {
                  "kind": "Name",
                  "value": "authToken",
                },
              },
              Object {
                "kind": "Field",
                "name": Object {
                  "kind": "Name",
                  "value": "mediaPlayer",
                },
                "selectionSet": Object {
                  "kind": "SelectionSet",
                  "selections": Array [
                    Object {
                      "kind": "Field",
                      "name": Object {
                        "kind": "Name",
                        "value": "__typename",
                      },
                    },
                    Object {
                      "kind": "Field",
                      "name": Object {
                        "kind": "Name",
                        "value": "currentTrack",
                      },
                    },
                    Object {
                      "kind": "Field",
                      "name": Object {
                        "kind": "Name",
                        "value": "isPlaying",
                      },
                    },
                    Object {
                      "kind": "Field",
                      "name": Object {
                        "kind": "Name",
                        "value": "isFullscreen",
                      },
                    },
                    Object {
                      "kind": "Field",
                      "name": Object {
                        "kind": "Name",
                        "value": "isVisible",
                      },
                    },
                    Object {
                      "kind": "Field",
                      "name": Object {
                        "kind": "Name",
                        "value": "currentTime",
                      },
                    },
                    Object {
                      "kind": "Field",
                      "name": Object {
                        "kind": "Name",
                        "value": "showVideo",
                      },
                    },
                    Object {
                      "kind": "Field",
                      "name": Object {
                        "kind": "Name",
                        "value": "muted",
                      },
                    },
                  ],
                },
              },
            ],
          },
        },
      ],
      "kind": "Document",
    },
    Object {
      "definitions": Array [
        Object {
          "kind": "OperationDefinition",
          "name": Object {
            "kind": "Name",
            "value": "GeneratedClientQuery",
          },
          "operation": "query",
          "selectionSet": Object {
            "kind": "SelectionSet",
            "selections": Array [
              Object {
                "kind": "Field",
                "name": Object {
                  "kind": "Name",
                  "value": "__typename",
                },
              },
              Object {
                "kind": "Field",
                "name": Object {
                  "kind": "Name",
                  "value": "authToken",
                },
              },
              Object {
                "kind": "Field",
                "name": Object {
                  "kind": "Name",
                  "value": "mediaPlayer",
                },
                "selectionSet": Object {
                  "kind": "SelectionSet",
                  "selections": Array [
                    Object {
                      "kind": "Field",
                      "name": Object {
                        "kind": "Name",
                        "value": "__typename",
                      },
                    },
                    Object {
                      "kind": "Field",
                      "name": Object {
                        "kind": "Name",
                        "value": "currentTrack",
                      },
                    },
                    Object {
                      "kind": "Field",
                      "name": Object {
                        "kind": "Name",
                        "value": "isPlaying",
                      },
                    },
                    Object {
                      "kind": "Field",
                      "name": Object {
                        "kind": "Name",
                        "value": "isFullscreen",
                      },
                    },
                    Object {
                      "kind": "Field",
                      "name": Object {
                        "kind": "Name",
                        "value": "isVisible",
                      },
                    },
                    Object {
                      "kind": "Field",
                      "name": Object {
                        "kind": "Name",
                        "value": "currentTime",
                      },
                    },
                    Object {
                      "kind": "Field",
                      "name": Object {
                        "kind": "Name",
                        "value": "showVideo",
                      },
                    },
                    Object {
                      "kind": "Field",
                      "name": Object {
                        "kind": "Name",
                        "value": "muted",
                      },
                    },
                  ],
                },
              },
            ],
          },
        },
      ],
      "kind": "Document",
    } => Object {
      "definitions": Array [
        Object {
          "kind": "OperationDefinition",
          "name": Object {
            "kind": "Name",
            "value": "GeneratedClientQuery",
          },
          "operation": "query",
          "selectionSet": Object {
            "kind": "SelectionSet",
            "selections": Array [
              Object {
                "kind": "Field",
                "name": Object {
                  "kind": "Name",
                  "value": "__typename",
                },
              },
              Object {
                "kind": "Field",
                "name": Object {
                  "kind": "Name",
                  "value": "authToken",
                },
              },
              Object {
                "kind": "Field",
                "name": Object {
                  "kind": "Name",
                  "value": "mediaPlayer",
                },
                "selectionSet": Object {
                  "kind": "SelectionSet",
                  "selections": Array [
                    Object {
                      "kind": "Field",
                      "name": Object {
                        "kind": "Name",
                        "value": "__typename",
                      },
                    },
                    Object {
                      "kind": "Field",
                      "name": Object {
                        "kind": "Name",
                        "value": "currentTrack",
                      },
                    },
                    Object {
                      "kind": "Field",
                      "name": Object {
                        "kind": "Name",
                        "value": "isPlaying",
                      },
                    },
                    Object {
                      "kind": "Field",
                      "name": Object {
                        "kind": "Name",
                        "value": "isFullscreen",
                      },
                    },
                    Object {
                      "kind": "Field",
                      "name": Object {
                        "kind": "Name",
                        "value": "isVisible",
                      },
                    },
                    Object {
                      "kind": "Field",
                      "name": Object {
                        "kind": "Name",
                        "value": "currentTime",
                      },
                    },
                    Object {
                      "kind": "Field",
                      "name": Object {
                        "kind": "Name",
                        "value": "showVideo",
                      },
                    },
                    Object {
                      "kind": "Field",
                      "name": Object {
                        "kind": "Name",
                        "value": "muted",
                      },
                    },
                  ],
                },
              },
            ],
          },
        },
      ],
      "kind": "Document",
    },
    Object {
      "definitions": Array [
        Object {
          "kind": "OperationDefinition",
          "name": Object {
            "kind": "Name",
            "value": "GeneratedClientQuery",
          },
          "operation": "query",
          "selectionSet": Object {
            "kind": "SelectionSet",
            "selections": Array [
              Object {
                "kind": "Field",
                "name": Object {
                  "kind": "Name",
                  "value": "authToken",
                },
              },
            ],
          },
        },
      ],
      "kind": "Document",
    } => Object {
      "definitions": Array [
        Object {
          "kind": "OperationDefinition",
          "name": Object {
            "kind": "Name",
            "value": "GeneratedClientQuery",
          },
          "operation": "query",
          "selectionSet": Object {
            "kind": "SelectionSet",
            "selections": Array [
              Object {
                "kind": "Field",
                "name": Object {
                  "kind": "Name",
                  "value": "authToken",
                },
              },
            ],
          },
        },
      ],
      "kind": "Document",
    },
    Object {
      "definitions": Array [
        Object {
          "kind": "OperationDefinition",
          "name": Object {
            "kind": "Name",
            "value": "GeneratedClientQuery",
          },
          "operation": "query",
          "selectionSet": Object {
            "kind": "SelectionSet",
            "selections": Array [
              Object {
                "kind": "Field",
                "name": Object {
                  "kind": "Name",
                  "value": "authToken",
                },
              },
            ],
          },
        },
      ],
      "kind": "Document",
    } => Object {
      "definitions": Array [
        Object {
          "kind": "OperationDefinition",
          "name": Object {
            "kind": "Name",
            "value": "GeneratedClientQuery",
          },
          "operation": "query",
          "selectionSet": Object {
            "kind": "SelectionSet",
            "selections": Array [
              Object {
                "kind": "Field",
                "name": Object {
                  "kind": "Name",
                  "value": "authToken",
                },
              },
            ],
          },
        },
      ],
      "kind": "Document",
    },
    Object {
      "definitions": Array [
        Object {
          "kind": "OperationDefinition",
          "name": Object {
            "kind": "Name",
            "value": "GeneratedClientQuery",
          },
          "operation": "query",
          "selectionSet": Object {
            "kind": "SelectionSet",
            "selections": Array [
              Object {
                "kind": "Field",
                "name": Object {
                  "kind": "Name",
                  "value": "__typename",
                },
              },
              Object {
                "kind": "Field",
                "name": Object {
                  "kind": "Name",
                  "value": "authToken",
                },
              },
              Object {
                "kind": "Field",
                "name": Object {
                  "kind": "Name",
                  "value": "mediaPlayer",
                },
                "selectionSet": Object {
                  "kind": "SelectionSet",
                  "selections": Array [
                    Object {
                      "kind": "Field",
                      "name": Object {
                        "kind": "Name",
                        "value": "__typename",
                      },
                    },
                    Object {
                      "kind": "Field",
                      "name": Object {
                        "kind": "Name",
                        "value": "currentTrack",
                      },
                    },
                    Object {
                      "kind": "Field",
                      "name": Object {
                        "kind": "Name",
                        "value": "isPlaying",
                      },
                    },
                    Object {
                      "kind": "Field",
                      "name": Object {
                        "kind": "Name",
                        "value": "isFullscreen",
                      },
                    },
                    Object {
                      "kind": "Field",
                      "name": Object {
                        "kind": "Name",
                        "value": "isVisible",
                      },
                    },
                    Object {
                      "kind": "Field",
                      "name": Object {
                        "kind": "Name",
                        "value": "currentTime",
                      },
                    },
                    Object {
                      "kind": "Field",
                      "name": Object {
                        "kind": "Name",
                        "value": "showVideo",
                      },
                    },
                    Object {
                      "kind": "Field",
                      "name": Object {
                        "kind": "Name",
                        "value": "muted",
                      },
                    },
                  ],
                },
              },
            ],
          },
        },
      ],
      "kind": "Document",
    } => Object {
      "definitions": Array [
        Object {
          "kind": "OperationDefinition",
          "name": Object {
            "kind": "Name",
            "value": "GeneratedClientQuery",
          },
          "operation": "query",
          "selectionSet": Object {
            "kind": "SelectionSet",
            "selections": Array [
              Object {
                "kind": "Field",
                "name": Object {
                  "kind": "Name",
                  "value": "__typename",
                },
              },
              Object {
                "kind": "Field",
                "name": Object {
                  "kind": "Name",
                  "value": "authToken",
                },
              },
              Object {
                "kind": "Field",
                "name": Object {
                  "kind": "Name",
                  "value": "mediaPlayer",
                },
                "selectionSet": Object {
                  "kind": "SelectionSet",
                  "selections": Array [
                    Object {
                      "kind": "Field",
                      "name": Object {
                        "kind": "Name",
                        "value": "__typename",
                      },
                    },
                    Object {
                      "kind": "Field",
                      "name": Object {
                        "kind": "Name",
                        "value": "currentTrack",
                      },
                    },
                    Object {
                      "kind": "Field",
                      "name": Object {
                        "kind": "Name",
                        "value": "isPlaying",
                      },
                    },
                    Object {
                      "kind": "Field",
                      "name": Object {
                        "kind": "Name",
                        "value": "isFullscreen",
                      },
                    },
                    Object {
                      "kind": "Field",
                      "name": Object {
                        "kind": "Name",
                        "value": "isVisible",
                      },
                    },
                    Object {
                      "kind": "Field",
                      "name": Object {
                        "kind": "Name",
                        "value": "currentTime",
                      },
                    },
                    Object {
                      "kind": "Field",
                      "name": Object {
                        "kind": "Name",
                        "value": "showVideo",
                      },
                    },
                    Object {
                      "kind": "Field",
                      "name": Object {
                        "kind": "Name",
                        "value": "muted",
                      },
                    },
                  ],
                },
              },
            ],
          },
        },
      ],
      "kind": "Document",
    },
    Object {
      "definitions": Array [
        Object {
          "kind": "OperationDefinition",
          "name": Object {
            "kind": "Name",
            "value": "GeneratedClientQuery",
          },
          "operation": "query",
          "selectionSet": Object {
            "kind": "SelectionSet",
            "selections": Array [
              Object {
                "kind": "Field",
                "name": Object {
                  "kind": "Name",
                  "value": "__typename",
                },
              },
              Object {
                "kind": "Field",
                "name": Object {
                  "kind": "Name",
                  "value": "authToken",
                },
              },
              Object {
                "kind": "Field",
                "name": Object {
                  "kind": "Name",
                  "value": "mediaPlayer",
                },
                "selectionSet": Object {
                  "kind": "SelectionSet",
                  "selections": Array [
                    Object {
                      "kind": "Field",
                      "name": Object {
                        "kind": "Name",
                        "value": "__typename",
                      },
                    },
                    Object {
                      "kind": "Field",
                      "name": Object {
                        "kind": "Name",
                        "value": "currentTrack",
                      },
                    },
                    Object {
                      "kind": "Field",
                      "name": Object {
                        "kind": "Name",
                        "value": "isPlaying",
                      },
                    },
                    Object {
                      "kind": "Field",
                      "name": Object {
                        "kind": "Name",
                        "value": "isFullscreen",
                      },
                    },
                    Object {
                      "kind": "Field",
                      "name": Object {
                        "kind": "Name",
                        "value": "isVisible",
                      },
                    },
                    Object {
                      "kind": "Field",
                      "name": Object {
                        "kind": "Name",
                        "value": "currentTime",
                      },
                    },
                    Object {
                      "kind": "Field",
                      "name": Object {
                        "kind": "Name",
                        "value": "showVideo",
                      },
                    },
                    Object {
                      "kind": "Field",
                      "name": Object {
                        "kind": "Name",
                        "value": "muted",
                      },
                    },
                  ],
                },
              },
            ],
          },
        },
      ],
      "kind": "Document",
    } => Object {
      "definitions": Array [
        Object {
          "kind": "OperationDefinition",
          "name": Object {
            "kind": "Name",
            "value": "GeneratedClientQuery",
          },
          "operation": "query",
          "selectionSet": Object {
            "kind": "SelectionSet",
            "selections": Array [
              Object {
                "kind": "Field",
                "name": Object {
                  "kind": "Name",
                  "value": "__typename",
                },
              },
              Object {
                "kind": "Field",
                "name": Object {
                  "kind": "Name",
                  "value": "authToken",
                },
              },
              Object {
                "kind": "Field",
                "name": Object {
                  "kind": "Name",
                  "value": "mediaPlayer",
                },
                "selectionSet": Object {
                  "kind": "SelectionSet",
                  "selections": Array [
                    Object {
                      "kind": "Field",
                      "name": Object {
                        "kind": "Name",
                        "value": "__typename",
                      },
                    },
                    Object {
                      "kind": "Field",
                      "name": Object {
                        "kind": "Name",
                        "value": "currentTrack",
                      },
                    },
                    Object {
                      "kind": "Field",
                      "name": Object {
                        "kind": "Name",
                        "value": "isPlaying",
                      },
                    },
                    Object {
                      "kind": "Field",
                      "name": Object {
                        "kind": "Name",
                        "value": "isFullscreen",
                      },
                    },
                    Object {
                      "kind": "Field",
                      "name": Object {
                        "kind": "Name",
                        "value": "isVisible",
                      },
                    },
                    Object {
                      "kind": "Field",
                      "name": Object {
                        "kind": "Name",
                        "value": "currentTime",
                      },
                    },
                    Object {
                      "kind": "Field",
                      "name": Object {
                        "kind": "Name",
                        "value": "showVideo",
                      },
                    },
                    Object {
                      "kind": "Field",
                      "name": Object {
                        "kind": "Name",
                        "value": "muted",
                      },
                    },
                  ],
                },
              },
            ],
          },
        },
      ],
      "kind": "Document",
    },
    Object {
      "definitions": Array [
        Object {
          "directives": Array [],
          "kind": "OperationDefinition",
          "name": Object {
            "kind": "Name",
            "value": "track",
          },
          "operation": "mutation",
          "selectionSet": Object {
            "kind": "SelectionSet",
            "selections": Array [
              Object {
                "alias": undefined,
                "arguments": Array [
                  Object {
                    "kind": "Argument",
                    "name": Object {
                      "kind": "Name",
                      "value": "input",
                    },
                    "value": Object {
                      "kind": "Variable",
                      "name": Object {
                        "kind": "Name",
                        "value": "input",
                      },
                    },
                  },
                ],
                "directives": Array [],
                "kind": "Field",
                "name": Object {
                  "kind": "Name",
                  "value": "trackEvent",
                },
                "selectionSet": Object {
                  "kind": "SelectionSet",
                  "selections": Array [
                    Object {
                      "alias": undefined,
                      "arguments": Array [],
                      "directives": Array [],
                      "kind": "Field",
                      "name": Object {
                        "kind": "Name",
                        "value": "success",
                      },
                      "selectionSet": undefined,
                    },
                  ],
                },
              },
            ],
          },
          "variableDefinitions": Array [
            Object {
              "defaultValue": undefined,
              "kind": "VariableDefinition",
              "type": Object {
                "kind": "NonNullType",
                "type": Object {
                  "kind": "NamedType",
                  "name": Object {
                    "kind": "Name",
                    "value": "AnalyticsTrackInput",
                  },
                },
              },
              "variable": Object {
                "kind": "Variable",
                "name": Object {
                  "kind": "Name",
                  "value": "input",
                },
              },
            },
          ],
        },
      ],
      "kind": "Document",
      "loc": Object {
        "end": 106,
        "start": 0,
      },
    } => Object {
      "definitions": Array [
        Object {
          "directives": Array [],
          "kind": "OperationDefinition",
          "name": Object {
            "kind": "Name",
            "value": "track",
          },
          "operation": "mutation",
          "selectionSet": Object {
            "kind": "SelectionSet",
            "selections": Array [
              Object {
                "alias": undefined,
                "arguments": Array [
                  Object {
                    "kind": "Argument",
                    "name": Object {
                      "kind": "Name",
                      "value": "input",
                    },
                    "value": Object {
                      "kind": "Variable",
                      "name": Object {
                        "kind": "Name",
                        "value": "input",
                      },
                    },
                  },
                ],
                "directives": Array [],
                "kind": "Field",
                "name": Object {
                  "kind": "Name",
                  "value": "trackEvent",
                },
                "selectionSet": Object {
                  "kind": "SelectionSet",
                  "selections": Array [
                    Object {
                      "alias": undefined,
                      "arguments": Array [],
                      "directives": Array [],
                      "kind": "Field",
                      "name": Object {
                        "kind": "Name",
                        "value": "success",
                      },
                      "selectionSet": undefined,
                    },
                    Object {
                      "kind": "Field",
                      "name": Object {
                        "kind": "Name",
                        "value": "__typename",
                      },
                    },
                  ],
                },
              },
            ],
          },
          "variableDefinitions": Array [
            Object {
              "defaultValue": undefined,
              "kind": "VariableDefinition",
              "type": Object {
                "kind": "NonNullType",
                "type": Object {
                  "kind": "NamedType",
                  "name": Object {
                    "kind": "Name",
                    "value": "AnalyticsTrackInput",
                  },
                },
              },
              "variable": Object {
                "kind": "Variable",
                "name": Object {
                  "kind": "Name",
                  "value": "input",
                },
              },
            },
          ],
        },
      ],
      "kind": "Document",
      "loc": Object {
        "end": 106,
        "start": 0,
      },
    },
  },
  "watches": Set {},
  "write": [Function],
}
`;
