// Jest Snapshot v1, https://goo.gl/fbAQLP

exports[`ScriptureConnected component renders without errors 1`] = `
<RCTSafeAreaView
  onLayout={[Function]}
  style={
    Object {
      "bottom": 0,
      "left": 0,
      "position": "absolute",
      "right": 0,
      "top": 0,
    }
  }
>
  <View
    onLayout={[Function]}
    style={
      Object {
        "flex": 1,
      }
    }
  />
  <View
    style={
      Object {
        "bottom": 0,
        "left": 0,
        "position": "absolute",
        "right": 0,
        "top": 0,
      }
    }
  >
    <View>
      <Text
        style={
          Object {
            "color": "#303030",
            "fontFamily": "InterUI-Bold",
            "fontSize": 16,
            "lineHeight": 23.04,
          }
        }
      >
        <Text
          style={
            Object {
              "color": "#303030",
              "fontFamily": "InterUI-Bold",
              "fontSize": 16,
              "lineHeight": 23.04,
            }
          }
        >
          Genesis 1:1
        </Text>
         
        <Text
          style={
            Object {
              "color": "#505050",
              "fontFamily": "InterUI-Bold",
              "fontSize": 12,
              "lineHeight": 17.28,
            }
          }
        >
          WEB
        </Text>
      </Text>
      <View
        lineNumber={8}
        onReady={true}
        style={
          Object {
            "paddingBottom": 17.28,
          }
        }
      >
        <View>
          <View
            style={
              Object {
                "paddingBottom": 17.28,
              }
            }
          >
            <Text
              bold={false}
              italic={false}
              style={
                Object {
                  "color": "#303030",
                  "fontFamily": "DroidSerif",
                  "fontSize": 16,
                  "lineHeight": 26,
                }
              }
            >
              <Text
                bold={false}
                italic={false}
                style={
                  Object {
                    "color": "#505050",
                    "fontFamily": "DroidSerif",
                    "fontSize": 9.6,
                    "lineHeight": 26,
                  }
                }
              >
                 
                <Text>
                  1
                </Text>
                Â 
              </Text>
              <Text
                bold={false}
                italic={false}
                style={
                  Object {
                    "color": "#303030",
                    "fontFamily": "DroidSerif",
                    "fontSize": 16,
                    "lineHeight": 26,
                  }
                }
              >
                <Text>
                  In the beginning, God created the heavens and the earth. 
                </Text>
              </Text>
            </Text>
          </View>
        </View>
      </View>
      <Text
        bold={false}
        italic={false}
        style={
          Object {
            "color": "#505050",
            "fontFamily": "InterUI-Regular",
            "fontSize": 9.6,
            "lineHeight": 10.37,
          }
        }
      >
        
      </Text>
    </View>
  </View>
</RCTSafeAreaView>
`;
