// Jest Snapshot v1, https://goo.gl/fbAQLP

exports[`LiveStream returns 1`] = `
Object {
  "data": Object {
    "liveStream": Object {
      "eventStartTime": "2018-08-06T17:00:00Z",
      "isLive": true,
    },
  },
}
`;
