// Jest Snapshot v1, https://goo.gl/fbAQLP

exports[`The LoginForm component should render 1`] = `
<RCTSafeAreaView
  onLayout={[Function]}
  style={
    Object {
      "bottom": 0,
      "left": 0,
      "position": "absolute",
      "right": 0,
      "top": 0,
    }
  }
>
  <View
    onLayout={[Function]}
    style={
      Object {
        "flex": 1,
      }
    }
  />
  <View
    style={
      Object {
        "bottom": 0,
        "left": 0,
        "position": "absolute",
        "right": 0,
        "top": 0,
      }
    }
  >
    <View
      style={
        Object {
          "flex": 1,
        }
      }
    >
      <RCTScrollView
        automaticallyAdjustContentInsets={false}
        contentInset={
          Object {
            "bottom": 0,
          }
        }
        enableAutomaticScroll={true}
        enableOnAndroid={false}
        enableResetScrollToCoords={true}
        extraHeight={75}
        extraScrollHeight={0}
        getScrollResponder={[Function]}
        handleOnScroll={[Function]}
        keyboardDismissMode="interactive"
        keyboardOpeningTime={250}
        keyboardSpace={0}
        onScroll={[Function]}
        resetKeyboardSpace={[Function]}
        scrollEventThrottle={1}
        scrollForExtraHeightOnAndroid={[Function]}
        scrollIntoView={[Function]}
        scrollToEnd={[Function]}
        scrollToFocusedInput={[Function]}
        scrollToPosition={[Function]}
        showsVerticalScrollIndicator={true}
        update={[Function]}
        viewIsInsideTabBar={false}
      >
        <View>
          <View
            style={
              Object {
                "paddingHorizontal": 16,
                "paddingVertical": 16,
              }
            }
          >
            <View>
              <View
                disabled={false}
                style={
                  Object {
                    "marginVertical": 16,
                  }
                }
              >
                <View>
                  <View
                    style={
                      Object {
                        "flexDirection": "row",
                        "justifyContent": "center",
                      }
                    }
                  >
                    <View
                      style={
                        Object {
                          "alignItems": "center",
                          "justifyContent": "center",
                        }
                      }
                    />
                    <View
                      style={
                        Object {
                          "flex": 1,
                          "opacity": 0,
                        }
                      }
                    >
                      <TextInput
                        allowFontScaling={true}
                        autoCapitalize="none"
                        autoCorrect={false}
                        editable={true}
                        enablesReturnKeyAutomatically={true}
                        keyboardType="email-address"
                        onBlur={[Function]}
                        onChangeText={[Function]}
                        onFocus={[Function]}
                        onSubmitEditing={[Function]}
                        placeholderTextColor="rgba(48, 48, 48, 0.6)"
                        returnKeyType="next"
                        style={
                          Object {
                            "color": "#303030",
                            "fontFamily": "InterUI-Bold",
                            "fontSize": 14,
                            "height": 38,
                            "paddingVertical": 0,
                          }
                        }
                        textContentType="username"
                        type="email"
                        underlineColorAndroid="transparent"
                        value=""
                      />
                    </View>
                    <View
                      style={
                        Object {
                          "alignItems": "center",
                          "justifyContent": "center",
                        }
                      }
                    />
                  </View>
                  <View
                    onLayout={[Function]}
                    pointerEvents="none"
                    style={
                      Object {
                        "bottom": 0,
                        "justifyContent": "center",
                        "opacity": 1,
                        "position": "absolute",
                        "top": 0,
                        "transform": Array [
                          Object {
                            "scale": 1,
                          },
                          Object {
                            "translateX": 0,
                          },
                          Object {
                            "translateY": 0,
                          },
                        ],
                      }
                    }
                  >
                    <Text
                      style={
                        Object {
                          "backgroundColor": "transparent",
                          "color": "#505050",
                          "fontFamily": "InterUI-Bold",
                          "fontSize": 12,
                          "lineHeight": 17.28,
                          "paddingVertical": 4,
                        }
                      }
                    >
                      Email
                    </Text>
                  </View>
                  <View
                    style={
                      Object {
                        "bottom": 0,
                        "left": 0,
                        "right": 0,
                      }
                    }
                  >
                    <View
                      style={
                        Object {
                          "backgroundColor": "#A5A5A5",
                          "bottom": -0.5,
                          "height": 0.5,
                        }
                      }
                    />
                    <View
                      style={
                        Object {
                          "bottom": 0,
                          "left": 0,
                          "right": 0,
                          "transform": Array [
                            Object {
                              "scaleX": 0.0001,
                            },
                          ],
                        }
                      }
                    >
                      <View
                        hasError={false}
                        style={
                          Object {
                            "backgroundColor": "#00676D",
                            "bottom": 0,
                            "height": 0.5,
                          }
                        }
                      />
                    </View>
                  </View>
                </View>
              </View>
              <View
                disabled={false}
                style={
                  Object {
                    "marginVertical": 16,
                  }
                }
              >
                <View>
                  <View
                    style={
                      Object {
                        "flexDirection": "row",
                        "justifyContent": "center",
                      }
                    }
                  >
                    <View
                      style={
                        Object {
                          "alignItems": "center",
                          "justifyContent": "center",
                        }
                      }
                    />
                    <View
                      style={
                        Object {
                          "flex": 1,
                          "opacity": 0,
                        }
                      }
                    >
                      <TextInput
                        allowFontScaling={true}
                        autoCapitalize="none"
                        autoCorrect={false}
                        editable={true}
                        enablesReturnKeyAutomatically={true}
                        onBlur={[Function]}
                        onChangeText={[Function]}
                        onFocus={[Function]}
                        placeholderTextColor="rgba(48, 48, 48, 0.6)"
                        returnKeyType="go"
                        secureTextEntry={true}
                        style={
                          Object {
                            "color": "#303030",
                            "fontFamily": "InterUI-Bold",
                            "fontSize": 14,
                            "height": 38,
                            "paddingVertical": 0,
                          }
                        }
                        textContentType="password"
                        type="password"
                        underlineColorAndroid="transparent"
                        value=""
                      />
                    </View>
                    <View
                      style={
                        Object {
                          "alignItems": "center",
                          "justifyContent": "center",
                        }
                      }
                    />
                  </View>
                  <View
                    onLayout={[Function]}
                    pointerEvents="none"
                    style={
                      Object {
                        "bottom": 0,
                        "justifyContent": "center",
                        "opacity": 1,
                        "position": "absolute",
                        "top": 0,
                        "transform": Array [
                          Object {
                            "scale": 1,
                          },
                          Object {
                            "translateX": 0,
                          },
                          Object {
                            "translateY": 0,
                          },
                        ],
                      }
                    }
                  >
                    <Text
                      style={
                        Object {
                          "backgroundColor": "transparent",
                          "color": "#505050",
                          "fontFamily": "InterUI-Bold",
                          "fontSize": 12,
                          "lineHeight": 17.28,
                          "paddingVertical": 4,
                        }
                      }
                    >
                      Password
                    </Text>
                  </View>
                  <View
                    style={
                      Object {
                        "bottom": 0,
                        "left": 0,
                        "right": 0,
                      }
                    }
                  >
                    <View
                      style={
                        Object {
                          "backgroundColor": "#A5A5A5",
                          "bottom": -0.5,
                          "height": 0.5,
                        }
                      }
                    />
                    <View
                      style={
                        Object {
                          "bottom": 0,
                          "left": 0,
                          "right": 0,
                          "transform": Array [
                            Object {
                              "scaleX": 0.0001,
                            },
                          ],
                        }
                      }
                    >
                      <View
                        hasError={false}
                        style={
                          Object {
                            "backgroundColor": "#00676D",
                            "bottom": 0,
                            "height": 0.5,
                          }
                        }
                      />
                    </View>
                  </View>
                </View>
              </View>
              <Text
                onPress={[Function]}
                style={
                  Object {
                    "color": "#17B582",
                  }
                }
              >
                Forgot your password?
              </Text>
            </View>
          </View>
        </View>
      </RCTScrollView>
      <RCTSafeAreaView
        style={
          Object {
            "bottom": 0,
            "left": 0,
            "position": "absolute",
            "right": 0,
          }
        }
      >
        <View
          style={
            Object {
              "paddingHorizontal": 16,
              "paddingVertical": 0,
            }
          }
          vertical={false}
        >
          <View
            bordered={false}
            disabled={true}
            pill={true}
            style={
              Object {
                "alignItems": "center",
                "backgroundColor": "#00676D",
                "borderColor": "#00676D",
                "borderRadius": 48,
                "borderWidth": 2,
                "elevation": 2,
                "flexDirection": "row",
                "height": 48,
                "justifyContent": "center",
                "opacity": 0.5,
                "overflow": "hidden",
                "paddingHorizontal": 16,
              }
            }
          >
            <Text
              style={
                Object {
                  "color": "#FFFFFF",
                  "fontFamily": "InterUI-Bold",
                  "fontSize": 16,
                  "lineHeight": 23.04,
                }
              }
            >
              Sign in
            </Text>
          </View>
        </View>
      </RCTSafeAreaView>
    </View>
  </View>
</RCTSafeAreaView>
`;
