// Jest Snapshot v1, https://goo.gl/fbAQLP

exports[`touchable cell renders the cell, icon, and text 1`] = `
<RCTSafeAreaView
  onLayout={[Function]}
  style={
    Object {
      "bottom": 0,
      "left": 0,
      "position": "absolute",
      "right": 0,
      "top": 0,
    }
  }
>
  <View
    onLayout={[Function]}
    style={
      Object {
        "flex": 1,
      }
    }
  />
  <View
    style={
      Object {
        "bottom": 0,
        "left": 0,
        "position": "absolute",
        "right": 0,
        "top": 0,
      }
    }
  >
    <View
      accessible={true}
      isTVSelectable={true}
      onResponderGrant={[Function]}
      onResponderMove={[Function]}
      onResponderRelease={[Function]}
      onResponderTerminate={[Function]}
      onResponderTerminationRequest={[Function]}
      onStartShouldSetResponder={[Function]}
      style={
        Object {
          "opacity": 1,
        }
      }
    >
      <View
        style={
          Object {
            "alignItems": "center",
            "backgroundColor": "#FFFFFF",
            "flexDirection": "row",
            "height": 40,
            "justifyContent": "flex-start",
            "padding": 8,
            "paddingLeft": 10.666666666666666,
          }
        }
      >
        <RNSVGSvgView
          align="xMidYMid"
          bbHeight="20"
          bbWidth="20"
          meetOrSlice={0}
          minX={0}
          minY={0}
          style={
            Array [
              Object {
                "backgroundColor": "transparent",
              },
              Object {
                "paddingLeft": 0,
              },
              false,
              Object {
                "flex": 0,
                "height": 20,
                "width": 20,
              },
            ]
          }
          vbHeight={24}
          vbWidth={24}
        >
          <RNSVGPath
            d="M7.63 3.34v17.5c-.04-.12-.17-.25-.35-.33-.18-.06-.37-.1-.5-.04l.14-.1 11.13-8.4c.22-.17.22-.2 0-.36L7 3.65l-.14-.1c.1.03.28.02.45-.07.2-.1.3-.2.36-.3v.13zM6 3.34c0-1.3.88-1.73 1.97-.95l11.05 7.9c1.1.8 1.1 2.06.04 2.86l-11.13 8.4C6.86 22.4 6 22 6 20.7V3.34z"
            fill={
              Array [
                0,
                0.18823529411764706,
                0.18823529411764706,
                0.18823529411764706,
                1,
              ]
            }
            fillOpacity={1}
            fillRule={1}
            matrix={
              Array [
                1,
                0,
                0,
                1,
                0,
                0,
              ]
            }
            opacity={1}
            originX={0}
            originY={0}
            propList={
              Array [
                "fill",
              ]
            }
            rotation={0}
            scaleX={1}
            scaleY={1}
            skewX={0}
            skewY={0}
            stroke={null}
            strokeDasharray={null}
            strokeDashoffset={null}
            strokeLinecap={0}
            strokeLinejoin={0}
            strokeMiterlimit={4}
            strokeOpacity={1}
            strokeWidth="1"
            x={0}
            y={0}
          />
        </RNSVGSvgView>
        <Text
          style={
            Object {
              "color": "#303030",
              "flexGrow": 1,
              "flexShrink": 1,
              "fontFamily": "InterUI-Medium",
              "fontSize": 14,
              "lineHeight": 20.16,
              "paddingLeft": 8,
              "paddingRight": 8,
            }
          }
        >
          This is a cell
        </Text>
      </View>
    </View>
  </View>
</RCTSafeAreaView>
`;
