// Jest Snapshot v1, https://goo.gl/fbAQLP

exports[`Interactions gets all user liked content 1`] = `
Object {
  "data": Object {
    "getAllLikedContent": Array [
      Object {
        "id": "MediaContentItem:559b23fd0aa90e81b1c023e72e230fa1",
        "isLiked": true,
        "title": "SAMPLE: Easter",
      },
    ],
  },
}
`;

exports[`Interactions likes an entity 1`] = `
Object {
  "data": Object {
    "updateLikeEntity": Object {
      "id": "Interaction:fb344cb78f7b3f41416ffcbdc457e30c",
      "interactionDateTime": "2018-08-21T14:55:01.000Z",
      "operation": "Like",
    },
  },
}
`;

exports[`Interactions returns an empty array for liked content without a user logged in 1`] = `
Object {
  "data": Object {
    "getAllLikedContent": Array [],
  },
}
`;

exports[`Interactions uses interactions to track if a user liked content 1`] = `
Object {
  "data": Object {
    "node": Object {
      "id": "UniversalContentItem:559b23fd0aa90e81b1c023e72e230fa1",
      "isLiked": true,
    },
  },
}
`;
