// Jest Snapshot v1, https://goo.gl/fbAQLP

exports[`PersonalDetails component renders PersonalDetails when logged in 1`] = `
<RCTSafeAreaView
  onLayout={[Function]}
  style={
    Object {
      "bottom": 0,
      "left": 0,
      "position": "absolute",
      "right": 0,
      "top": 0,
    }
  }
>
  <View
    onLayout={[Function]}
    style={
      Object {
        "flex": 1,
      }
    }
  />
  <View
    style={
      Object {
        "bottom": 0,
        "left": 0,
        "position": "absolute",
        "right": 0,
        "top": 0,
      }
    }
  >
    <View
      style={
        Object {
          "flex": 1,
        }
      }
    >
      <RCTScrollView
        automaticallyAdjustContentInsets={false}
        contentInset={
          Object {
            "bottom": 0,
          }
        }
        enableAutomaticScroll={true}
        enableOnAndroid={false}
        enableResetScrollToCoords={true}
        extraHeight={75}
        extraScrollHeight={0}
        getScrollResponder={[Function]}
        handleOnScroll={[Function]}
        keyboardDismissMode="interactive"
        keyboardOpeningTime={250}
        keyboardSpace={0}
        onScroll={[Function]}
        resetKeyboardSpace={[Function]}
        scrollEventThrottle={1}
        scrollForExtraHeightOnAndroid={[Function]}
        scrollIntoView={[Function]}
        scrollToEnd={[Function]}
        scrollToFocusedInput={[Function]}
        scrollToPosition={[Function]}
        showsVerticalScrollIndicator={true}
        update={[Function]}
        viewIsInsideTabBar={false}
      >
        <View>
          <View
            style={
              Object {
                "backgroundColor": "#FFFFFF",
                "borderBottomWidth": 0.5,
                "borderColor": "rgba(165, 165, 165, 0.30000000000000004)",
                "borderLeftWidth": 0,
                "borderRightWidth": 0,
                "borderTopWidth": 0.5,
                "marginBottom": 16,
              }
            }
          >
            <View
              style={
                Object {
                  "paddingHorizontal": 16,
                  "paddingVertical": 16,
                }
              }
            >
              <View
                disabled={false}
                style={
                  Object {
                    "marginVertical": 16,
                  }
                }
              >
                <View>
                  <View
                    style={
                      Object {
                        "flexDirection": "row",
                        "justifyContent": "center",
                      }
                    }
                  >
                    <View
                      style={
                        Object {
                          "alignItems": "center",
                          "justifyContent": "center",
                        }
                      }
                    />
                    <View
                      style={
                        Object {
                          "flex": 1,
                          "opacity": 0,
                        }
                      }
                    >
                      <TextInput
                        allowFontScaling={true}
                        editable={true}
                        onBlur={[Function]}
                        onChangeText={[Function]}
                        onFocus={[Function]}
                        placeholderTextColor="rgba(48, 48, 48, 0.6)"
                        returnKeyType="done"
                        style={
                          Object {
                            "color": "#303030",
                            "fontFamily": "InterUI-Bold",
                            "fontSize": 14,
                            "height": 38,
                            "paddingVertical": 0,
                          }
                        }
                        type="text"
                        underlineColorAndroid="transparent"
                        value=""
                      />
                    </View>
                    <View
                      style={
                        Object {
                          "alignItems": "center",
                          "justifyContent": "center",
                        }
                      }
                    />
                  </View>
                  <View
                    onLayout={[Function]}
                    pointerEvents="none"
                    style={
                      Object {
                        "bottom": 0,
                        "justifyContent": "center",
                        "opacity": 1,
                        "position": "absolute",
                        "top": 0,
                        "transform": Array [
                          Object {
                            "scale": 1,
                          },
                          Object {
                            "translateX": 0,
                          },
                          Object {
                            "translateY": 0,
                          },
                        ],
                      }
                    }
                  >
                    <Text
                      style={
                        Object {
                          "backgroundColor": "transparent",
                          "color": "#505050",
                          "fontFamily": "InterUI-Bold",
                          "fontSize": 12,
                          "lineHeight": 17.28,
                          "paddingVertical": 4,
                        }
                      }
                    >
                      First Name
                    </Text>
                  </View>
                  <View
                    style={
                      Object {
                        "bottom": 0,
                        "left": 0,
                        "right": 0,
                      }
                    }
                  >
                    <View
                      style={
                        Object {
                          "backgroundColor": "#A5A5A5",
                          "bottom": -0.5,
                          "height": 0.5,
                        }
                      }
                    />
                    <View
                      style={
                        Object {
                          "bottom": 0,
                          "left": 0,
                          "right": 0,
                          "transform": Array [
                            Object {
                              "scaleX": 0.0001,
                            },
                          ],
                        }
                      }
                    >
                      <View
                        hasError={false}
                        style={
                          Object {
                            "backgroundColor": "#00676D",
                            "bottom": 0,
                            "height": 0.5,
                          }
                        }
                      />
                    </View>
                  </View>
                </View>
              </View>
              <View
                disabled={false}
                style={
                  Object {
                    "marginVertical": 16,
                  }
                }
              >
                <View>
                  <View
                    style={
                      Object {
                        "flexDirection": "row",
                        "justifyContent": "center",
                      }
                    }
                  >
                    <View
                      style={
                        Object {
                          "alignItems": "center",
                          "justifyContent": "center",
                        }
                      }
                    />
                    <View
                      style={
                        Object {
                          "flex": 1,
                          "opacity": 0,
                        }
                      }
                    >
                      <TextInput
                        allowFontScaling={true}
                        editable={true}
                        onBlur={[Function]}
                        onChangeText={[Function]}
                        onFocus={[Function]}
                        placeholderTextColor="rgba(48, 48, 48, 0.6)"
                        returnKeyType="done"
                        style={
                          Object {
                            "color": "#303030",
                            "fontFamily": "InterUI-Bold",
                            "fontSize": 14,
                            "height": 38,
                            "paddingVertical": 0,
                          }
                        }
                        type="text"
                        underlineColorAndroid="transparent"
                        value=""
                      />
                    </View>
                    <View
                      style={
                        Object {
                          "alignItems": "center",
                          "justifyContent": "center",
                        }
                      }
                    />
                  </View>
                  <View
                    onLayout={[Function]}
                    pointerEvents="none"
                    style={
                      Object {
                        "bottom": 0,
                        "justifyContent": "center",
                        "opacity": 1,
                        "position": "absolute",
                        "top": 0,
                        "transform": Array [
                          Object {
                            "scale": 1,
                          },
                          Object {
                            "translateX": 0,
                          },
                          Object {
                            "translateY": 0,
                          },
                        ],
                      }
                    }
                  >
                    <Text
                      style={
                        Object {
                          "backgroundColor": "transparent",
                          "color": "#505050",
                          "fontFamily": "InterUI-Bold",
                          "fontSize": 12,
                          "lineHeight": 17.28,
                          "paddingVertical": 4,
                        }
                      }
                    >
                      Last Name
                    </Text>
                  </View>
                  <View
                    style={
                      Object {
                        "bottom": 0,
                        "left": 0,
                        "right": 0,
                      }
                    }
                  >
                    <View
                      style={
                        Object {
                          "backgroundColor": "#A5A5A5",
                          "bottom": -0.5,
                          "height": 0.5,
                        }
                      }
                    />
                    <View
                      style={
                        Object {
                          "bottom": 0,
                          "left": 0,
                          "right": 0,
                          "transform": Array [
                            Object {
                              "scaleX": 0.0001,
                            },
                          ],
                        }
                      }
                    >
                      <View
                        hasError={false}
                        style={
                          Object {
                            "backgroundColor": "#00676D",
                            "bottom": 0,
                            "height": 0.5,
                          }
                        }
                      />
                    </View>
                  </View>
                </View>
              </View>
            </View>
          </View>
          <View
            style={
              Object {
                "backgroundColor": "#FFFFFF",
                "borderBottomWidth": 0.5,
                "borderColor": "rgba(165, 165, 165, 0.30000000000000004)",
                "borderLeftWidth": 0,
                "borderRightWidth": 0,
                "borderTopWidth": 0.5,
                "marginBottom": 16,
              }
            }
          >
            <View
              style={
                Object {
                  "paddingHorizontal": 16,
                  "paddingVertical": 16,
                }
              }
            >
              <View
                disabled={false}
                style={
                  Object {
                    "marginVertical": 16,
                  }
                }
              >
                <View>
                  <View
                    style={
                      Object {
                        "flexDirection": "row",
                        "justifyContent": "center",
                      }
                    }
                  >
                    <View
                      style={
                        Object {
                          "alignItems": "center",
                          "justifyContent": "center",
                        }
                      }
                    />
                    <View
                      style={
                        Object {
                          "flex": 1,
                          "opacity": 0,
                        }
                      }
                    >
                      <TextInput
                        allowFontScaling={true}
                        autoCapitalize="none"
                        autoCorrect={false}
                        editable={true}
                        keyboardType="email-address"
                        onBlur={[Function]}
                        onChangeText={[Function]}
                        onFocus={[Function]}
                        placeholderTextColor="rgba(48, 48, 48, 0.6)"
                        returnKeyType="done"
                        style={
                          Object {
                            "color": "#303030",
                            "fontFamily": "InterUI-Bold",
                            "fontSize": 14,
                            "height": 38,
                            "paddingVertical": 0,
                          }
                        }
                        type="email"
                        underlineColorAndroid="transparent"
                        value=""
                      />
                    </View>
                    <View
                      style={
                        Object {
                          "alignItems": "center",
                          "justifyContent": "center",
                        }
                      }
                    />
                  </View>
                  <View
                    onLayout={[Function]}
                    pointerEvents="none"
                    style={
                      Object {
                        "bottom": 0,
                        "justifyContent": "center",
                        "opacity": 1,
                        "position": "absolute",
                        "top": 0,
                        "transform": Array [
                          Object {
                            "scale": 1,
                          },
                          Object {
                            "translateX": 0,
                          },
                          Object {
                            "translateY": 0,
                          },
                        ],
                      }
                    }
                  >
                    <Text
                      style={
                        Object {
                          "backgroundColor": "transparent",
                          "color": "#505050",
                          "fontFamily": "InterUI-Bold",
                          "fontSize": 12,
                          "lineHeight": 17.28,
                          "paddingVertical": 4,
                        }
                      }
                    >
                      Email
                    </Text>
                  </View>
                  <View
                    style={
                      Object {
                        "bottom": 0,
                        "left": 0,
                        "right": 0,
                      }
                    }
                  >
                    <View
                      style={
                        Object {
                          "backgroundColor": "#A5A5A5",
                          "bottom": -0.5,
                          "height": 0.5,
                        }
                      }
                    />
                    <View
                      style={
                        Object {
                          "bottom": 0,
                          "left": 0,
                          "right": 0,
                          "transform": Array [
                            Object {
                              "scaleX": 0.0001,
                            },
                          ],
                        }
                      }
                    >
                      <View
                        hasError={false}
                        style={
                          Object {
                            "backgroundColor": "#00676D",
                            "bottom": 0,
                            "height": 0.5,
                          }
                        }
                      />
                    </View>
                  </View>
                </View>
              </View>
            </View>
          </View>
        </View>
      </RCTScrollView>
      <RCTSafeAreaView>
        <View
          style={
            Object {
              "paddingHorizontal": 16,
              "paddingVertical": 16,
            }
          }
        >
          <View
            accessible={true}
            isTVSelectable={true}
            onResponderGrant={[Function]}
            onResponderMove={[Function]}
            onResponderRelease={[Function]}
            onResponderTerminate={[Function]}
            onResponderTerminationRequest={[Function]}
            onStartShouldSetResponder={[Function]}
            style={
              Object {
                "opacity": 1,
              }
            }
          >
            <View
              bordered={false}
              disabled={true}
              pill={true}
              style={
                Object {
                  "alignItems": "center",
                  "backgroundColor": "#00676D",
                  "borderColor": "#00676D",
                  "borderRadius": 48,
                  "borderWidth": 2,
                  "elevation": 2,
                  "flexDirection": "row",
                  "height": 48,
                  "justifyContent": "center",
                  "opacity": 0.5,
                  "overflow": "hidden",
                  "paddingHorizontal": 16,
                }
              }
            >
              <Text
                style={
                  Object {
                    "color": "#FFFFFF",
                    "fontFamily": "InterUI-Bold",
                    "fontSize": 16,
                    "lineHeight": 23.04,
                  }
                }
              >
                Save
              </Text>
            </View>
          </View>
        </View>
      </RCTSafeAreaView>
    </View>
  </View>
</RCTSafeAreaView>
`;
